RAM Allocation [bytes]
Variable                                                                          Address   Size
------------------------------------------------------------------------------------------------
_base_y                                                                           0x0277       4

EEPROM Allocation [bytes]
Variable                                                                          Address   Size
------------------------------------------------------------------------------------------------

Register Allocation
Variable                                                                          Register  Size
------------------------------------------------------------------------------------------------
_lcd_x                                                                            R5           1
_lcd_y                                                                            R4           1
_lcd_maxx                                                                         R7           1

FLASH Allocation [words]
Function                                                                          Address   Size
------------------------------------------------------------------------------------------------
main                                                                              0x0006E     18
_lcd_write_nibble_G100                                                            0x00080     20
_lcd_write_data                                                                   0x00094     12
lcd_gotoxy                                                                        0x000A0     13
lcd_clear                                                                         0x000AD     10
lcd_putchar                                                                       0x000B7     21
lcd_puts                                                                          0x000CC     17
lcd_init                                                                          0x000DD     43
