RAM Allocation [bytes]
Variable                                                                          Address   Size
------------------------------------------------------------------------------------------------

EEPROM Allocation [bytes]
Variable                                                                          Address   Size
------------------------------------------------------------------------------------------------

Register Allocation
Variable                                                                          Register  Size
------------------------------------------------------------------------------------------------
p                                                                                 R5           1
t1                                                                                R4           1
t2                                                                                R7           1
t3                                                                                R6           1
t4                                                                                R9           1
i                                                                                 R8           1
state                                                                             R11          1

FLASH Allocation [words]
Function                                                                          Address   Size
------------------------------------------------------------------------------------------------
timer0_ovf_isr                                                                    0x00063      9
main                                                                              0x0006C     92
